▲ Next.js 16.2.9 (Turbopack)
- Environments: .env.local

  Creating an optimized production build ...
✓ Compiled successfully in 11.5s
  Running TypeScript ...
  Finished TypeScript in 9.0s ...
  Collecting page data using 7 workers ...
  Generating static pages using 7 workers (0/19) ...
⚠ metadataBase property in metadata export is not set for resolving social open graph or twitter images, using "http://localhost:3000". See https://nextjs.org/docs/app/api-reference/functions/generate-metadata#metadatabase
  Generating static pages using 7 workers (4/19) 
  Generating static pages using 7 workers (9/19) 
  Generating static pages using 7 workers (14/19) 
✓ Generating static pages using 7 workers (19/19) in 1878ms
  Finalizing page optimization ...

Route (app)
┌ ○ /
├ ○ /_not-found
├ ○ /about
├ ○ /admin
├ ○ /admin/categories
├ ○ /admin/inventory
├ ○ /admin/login
├ ○ /admin/orders
├ ○ /admin/products
├ ○ /admin/settings
├ ○ /admin/users
├ ƒ /category/[slug]
├ ○ /checkout
├ ƒ /checkout/success/[orderId]
├ ○ /contact
├ ○ /home
├ ○ /login
├ ƒ /product/[id]
├ ○ /profile
└ ○ /search


ƒ Proxy (Middleware)

○  (Static)   prerendered as static content
ƒ  (Dynamic)  server-rendered on demand

